[2026-05-28 17:26:45,766: INFO: main: Welcome to Python Advanced Batch-1 Logs ]
[2026-05-28 17:26:56,493: INFO: main: Welcome to Python Advanced Batch-1 Logs ]
[2026-05-29 17:23:20,201: INFO: common: YAML file config\config.yaml loaded successfully]
[2026-05-29 17:23:20,240: INFO: common: YAML file params.yaml loaded successfully]
[2026-05-29 17:23:20,249: INFO: common: created directory at: artifacts]
[2026-05-29 17:23:20,254: INFO: common: created directory at: artifacts/data_ingestion]
[2026-05-29 17:23:22,911: INFO: 4037744573: artifacts/data_ingestion/data.zip download! with following info: 
Connection: close
Content-Length: 11616915
Cache-Control: max-age=300
Content-Security-Policy: default-src 'none'; style-src 'unsafe-inline'; sandbox
Content-Type: application/zip
ETag: "adf745abc03891fe493c3be264ec012691fe3fa21d861f35a27edbe6d86a76b1"
Strict-Transport-Security: max-age=31536000
X-Content-Type-Options: nosniff
X-Frame-Options: deny
X-XSS-Protection: 1; mode=block
X-GitHub-Request-Id: A31A:2FB4BD:80E934:9CFEAA:6A197931
Accept-Ranges: bytes
Date: Fri, 29 May 2026 11:53:07 GMT
Via: 1.1 varnish
X-Served-By: cache-del-vibw2260025-DEL
X-Cache: HIT
X-Cache-Hits: 0
X-Timer: S1780055588.525372,VS0,VE294
Vary: Authorization,Accept-Encoding
Access-Control-Allow-Origin: *
Cross-Origin-Resource-Policy: cross-origin
X-Fastly-Request-ID: 04998699cacb00d753870dae672ddf6b7806b12a
Expires: Fri, 29 May 2026 11:58:07 GMT
Source-Age: 0

]
[2026-06-02 16:59:31,099: INFO: main: >>>>>> Data Ingestion Stage started <<<<<<]
[2026-06-02 16:59:31,110: INFO: common: YAML file config\config.yaml loaded successfully]
[2026-06-02 16:59:31,143: INFO: common: YAML file params.yaml loaded successfully]
[2026-06-02 16:59:31,146: INFO: common: created directory at: artifacts]
[2026-06-02 16:59:31,147: INFO: common: created directory at: artifacts/data_ingestion]
[2026-06-02 16:59:31,149: INFO: data_ingestion: File already exists of size: ~ 11345 KB]
[2026-06-02 16:59:32,498: INFO: main: >>>>>> Data Ingestion Stage completed <<<<<<

x==========x]

[2026-06-03 16:59:26,751: INFO: common: YAML file config\config.yaml loaded successfully]
[2026-06-03 16:59:26,763: INFO: common: YAML file params.yaml loaded successfully]
[2026-06-03 16:59:26,770: INFO: common: created directory at: artifacts]
[2026-06-03 16:59:26,775: INFO: common: created directory at: artifacts/prepare_base_model]
[2026-06-03 16:59:53,855: WARNING: saving_api: You are saving your model as an HDF5 file via `model.save()` or `keras.saving.save_model(model)`. This file format is considered legacy. We recommend using instead the native Keras format, e.g. `model.save('my_model.keras')` or `keras.saving.save_model(model, 'my_model.keras')`. ]
[2026-06-03 16:59:54,362: WARNING: config: TensorFlow GPU support is not available on native Windows for TensorFlow >= 2.11. Even if CUDA/cuDNN are installed, GPU will not be used. Please use WSL2 or the TensorFlow-DirectML plugin.]
[2026-06-03 16:59:54,708: WARNING: saving_api: You are saving your model as an HDF5 file via `model.save()` or `keras.saving.save_model(model)`. This file format is considered legacy. We recommend using instead the native Keras format, e.g. `model.save('my_model.keras')` or `keras.saving.save_model(model, 'my_model.keras')`. ]
[2026-06-03 17:13:01,925: INFO: main: >>>>>> Data Ingestion Stage started <<<<<<]
[2026-06-03 17:13:01,933: INFO: common: YAML file config\config.yaml loaded successfully]
[2026-06-03 17:13:01,939: INFO: common: YAML file params.yaml loaded successfully]
[2026-06-03 17:13:01,944: INFO: common: created directory at: artifacts]
[2026-06-03 17:13:01,946: INFO: common: created directory at: artifacts/data_ingestion]
[2026-06-03 17:13:01,948: INFO: data_ingestion: File already exists of size: ~ 11345 KB]
[2026-06-03 17:13:03,242: INFO: main: >>>>>> Data Ingestion Stage completed <<<<<<

x==========x]
[2026-06-03 17:13:03,243: INFO: main: >>>>>> Prepare Base Model started <<<<<<]
[2026-06-03 17:13:03,244: ERROR: main: name 'PrepareBaseModelTrainingPipeline' is not defined]
Traceback (most recent call last):
  File "D:\DLOPS\main.py", line 23, in <module>
    prepare_base_model = PrepareBaseModelTrainingPipeline()
                         ^^^^^^^^^^^^^^^^^^^^^^^^^^^^^^^^
NameError: name 'PrepareBaseModelTrainingPipeline' is not defined
[2026-06-03 17:14:05,950: INFO: main: >>>>>> Data Ingestion Stage started <<<<<<]
[2026-06-03 17:14:05,956: INFO: common: YAML file config\config.yaml loaded successfully]
[2026-06-03 17:14:05,960: INFO: common: YAML file params.yaml loaded successfully]
[2026-06-03 17:14:05,961: INFO: common: created directory at: artifacts]
[2026-06-03 17:14:05,964: INFO: common: created directory at: artifacts/data_ingestion]
[2026-06-03 17:14:05,966: INFO: data_ingestion: File already exists of size: ~ 11345 KB]
[2026-06-03 17:14:07,114: INFO: main: >>>>>> Data Ingestion Stage completed <<<<<<

x==========x]
[2026-06-03 17:14:07,115: INFO: main: >>>>>> Prepare Base Model started <<<<<<]
[2026-06-03 17:14:07,120: INFO: common: YAML file config\config.yaml loaded successfully]
[2026-06-03 17:14:07,126: INFO: common: YAML file params.yaml loaded successfully]
[2026-06-03 17:14:07,129: INFO: common: created directory at: artifacts]
[2026-06-03 17:14:07,131: INFO: common: created directory at: artifacts/prepare_base_model]
[2026-06-03 17:14:08,592: WARNING: saving_api: You are saving your model as an HDF5 file via `model.save()` or `keras.saving.save_model(model)`. This file format is considered legacy. We recommend using instead the native Keras format, e.g. `model.save('my_model.keras')` or `keras.saving.save_model(model, 'my_model.keras')`. ]
[2026-06-03 17:14:09,218: WARNING: config: TensorFlow GPU support is not available on native Windows for TensorFlow >= 2.11. Even if CUDA/cuDNN are installed, GPU will not be used. Please use WSL2 or the TensorFlow-DirectML plugin.]
[2026-06-03 17:14:09,349: WARNING: saving_api: You are saving your model as an HDF5 file via `model.save()` or `keras.saving.save_model(model)`. This file format is considered legacy. We recommend using instead the native Keras format, e.g. `model.save('my_model.keras')` or `keras.saving.save_model(model, 'my_model.keras')`. ]
[2026-06-03 17:14:10,041: INFO: main: >>>>>> Prepare Base Model completed <<<<<<

x==========x]
[2026-06-05 16:59:27,489: INFO: common: YAML file config\config.yaml loaded successfully]
[2026-06-05 16:59:27,512: INFO: common: YAML file params.yaml loaded successfully]
[2026-06-05 16:59:27,515: INFO: common: created directory at: artifacts]
[2026-06-05 16:59:27,519: INFO: common: created directory at: artifacts\prepare_callbacks\checkpoint_dir]
[2026-06-05 16:59:27,522: INFO: common: created directory at: artifacts\prepare_callbacks\tensorboard_log_dir]
[2026-06-08 16:53:52,518: INFO: common: YAML file config\config.yaml loaded successfully]
[2026-06-08 16:53:52,549: INFO: common: YAML file params.yaml loaded successfully]
[2026-06-08 16:53:52,552: INFO: common: created directory at: artifacts]
[2026-06-08 16:53:52,557: INFO: common: created directory at: artifacts\prepare_callbacks\checkpoint_dir]
[2026-06-08 16:53:52,560: INFO: common: created directory at: artifacts\prepare_callbacks\tensorboard_log_dir]
[2026-06-08 16:53:52,563: INFO: common: created directory at: artifacts\training]
[2026-06-08 16:53:53,600: WARNING: config: TensorFlow GPU support is not available on native Windows for TensorFlow >= 2.11. Even if CUDA/cuDNN are installed, GPU will not be used. Please use WSL2 or the TensorFlow-DirectML plugin.]
[2026-06-08 16:59:10,784: INFO: common: YAML file config\config.yaml loaded successfully]
[2026-06-08 16:59:10,802: INFO: common: YAML file params.yaml loaded successfully]
[2026-06-08 16:59:10,808: INFO: common: created directory at: artifacts]
[2026-06-08 16:59:10,817: INFO: common: created directory at: artifacts\prepare_callbacks\checkpoint_dir]
[2026-06-08 16:59:10,820: INFO: common: created directory at: artifacts\prepare_callbacks\tensorboard_log_dir]
[2026-06-08 16:59:10,858: INFO: common: created directory at: artifacts\training]
[2026-06-08 17:01:21,132: WARNING: saving_api: You are saving your model as an HDF5 file via `model.save()` or `keras.saving.save_model(model)`. This file format is considered legacy. We recommend using instead the native Keras format, e.g. `model.save('my_model.keras')` or `keras.saving.save_model(model, 'my_model.keras')`. ]
[2026-06-08 17:01:21,585: WARNING: saving_api: You are saving your model as an HDF5 file via `model.save()` or `keras.saving.save_model(model)`. This file format is considered legacy. We recommend using instead the native Keras format, e.g. `model.save('my_model.keras')` or `keras.saving.save_model(model, 'my_model.keras')`. ]
[2026-06-09 16:56:50,109: INFO: main: >>>>>> Data Ingestion Stage started <<<<<<]
[2026-06-09 16:56:50,155: INFO: common: YAML file config\config.yaml loaded successfully]
[2026-06-09 16:56:50,194: INFO: common: YAML file params.yaml loaded successfully]
[2026-06-09 16:56:50,196: INFO: common: created directory at: artifacts]
[2026-06-09 16:56:50,199: INFO: common: created directory at: artifacts/data_ingestion]
[2026-06-09 16:56:50,204: INFO: data_ingestion: File already exists of size: ~ 11345 KB]
[2026-06-09 16:56:51,551: INFO: main: >>>>>> Data Ingestion Stage completed <<<<<<

x==========x]
[2026-06-09 16:56:51,551: INFO: main: >>>>>> Prepare Base Model started <<<<<<]
[2026-06-09 16:56:51,556: INFO: common: YAML file config\config.yaml loaded successfully]
[2026-06-09 16:56:51,560: INFO: common: YAML file params.yaml loaded successfully]
[2026-06-09 16:56:51,566: INFO: common: created directory at: artifacts]
[2026-06-09 16:56:51,568: INFO: common: created directory at: artifacts/prepare_base_model]
[2026-06-09 16:56:52,939: WARNING: saving_api: You are saving your model as an HDF5 file via `model.save()` or `keras.saving.save_model(model)`. This file format is considered legacy. We recommend using instead the native Keras format, e.g. `model.save('my_model.keras')` or `keras.saving.save_model(model, 'my_model.keras')`. ]
[2026-06-09 16:56:53,382: WARNING: config: TensorFlow GPU support is not available on native Windows for TensorFlow >= 2.11. Even if CUDA/cuDNN are installed, GPU will not be used. Please use WSL2 or the TensorFlow-DirectML plugin.]
[2026-06-09 16:56:53,487: WARNING: saving_api: You are saving your model as an HDF5 file via `model.save()` or `keras.saving.save_model(model)`. This file format is considered legacy. We recommend using instead the native Keras format, e.g. `model.save('my_model.keras')` or `keras.saving.save_model(model, 'my_model.keras')`. ]
[2026-06-09 16:56:53,913: INFO: main: >>>>>> Prepare Base Model completed <<<<<<

x==========x]
[2026-06-09 16:56:53,914: INFO: main: >>>>>> Training started <<<<<<]
[2026-06-09 16:56:53,923: INFO: common: YAML file config\config.yaml loaded successfully]
[2026-06-09 16:56:53,929: INFO: common: YAML file params.yaml loaded successfully]
[2026-06-09 16:56:53,931: INFO: common: created directory at: artifacts]
[2026-06-09 16:56:53,934: INFO: common: created directory at: artifacts\prepare_callbacks\checkpoint_dir]
[2026-06-09 16:56:53,935: INFO: common: created directory at: artifacts\prepare_callbacks\tensorboard_log_dir]
[2026-06-09 16:56:53,937: INFO: common: created directory at: artifacts\training]
[2026-06-09 16:56:54,652: WARNING: saving_utils: Compiled the loaded model, but the compiled metrics have yet to be built. `model.compile_metrics` will be empty until you train or evaluate the model.]
[2026-06-09 17:07:45,566: WARNING: saving_api: You are saving your model as an HDF5 file via `model.save()` or `keras.saving.save_model(model)`. This file format is considered legacy. We recommend using instead the native Keras format, e.g. `model.save('my_model.keras')` or `keras.saving.save_model(model, 'my_model.keras')`. ]
[2026-06-09 17:07:46,498: WARNING: saving_api: You are saving your model as an HDF5 file via `model.save()` or `keras.saving.save_model(model)`. This file format is considered legacy. We recommend using instead the native Keras format, e.g. `model.save('my_model.keras')` or `keras.saving.save_model(model, 'my_model.keras')`. ]
[2026-06-09 17:07:47,121: INFO: main: >>>>>> Training completed <<<<<<

x==========x]
[2026-06-10 17:03:58,138: INFO: main: >>>>>> Data Ingestion Stage started <<<<<<]
[2026-06-10 17:03:58,144: INFO: common: YAML file config\config.yaml loaded successfully]
[2026-06-10 17:03:58,147: INFO: common: YAML file params.yaml loaded successfully]
[2026-06-10 17:03:58,148: INFO: common: created directory at: artifacts]
[2026-06-10 17:03:58,149: INFO: common: created directory at: artifacts/data_ingestion]
[2026-06-10 17:03:58,152: INFO: data_ingestion: File already exists of size: ~ 11345 KB]
[2026-06-10 17:03:58,808: INFO: main: >>>>>> Data Ingestion Stage completed <<<<<<

x==========x]
[2026-06-10 17:03:58,809: INFO: main: >>>>>> Prepare Base Model started <<<<<<]
[2026-06-10 17:03:58,811: INFO: common: YAML file config\config.yaml loaded successfully]
[2026-06-10 17:03:58,815: INFO: common: YAML file params.yaml loaded successfully]
[2026-06-10 17:03:58,816: INFO: common: created directory at: artifacts]
[2026-06-10 17:03:58,817: INFO: common: created directory at: artifacts/prepare_base_model]
[2026-06-10 17:03:59,481: WARNING: saving_api: You are saving your model as an HDF5 file via `model.save()` or `keras.saving.save_model(model)`. This file format is considered legacy. We recommend using instead the native Keras format, e.g. `model.save('my_model.keras')` or `keras.saving.save_model(model, 'my_model.keras')`. ]
[2026-06-10 17:03:59,739: WARNING: config: TensorFlow GPU support is not available on native Windows for TensorFlow >= 2.11. Even if CUDA/cuDNN are installed, GPU will not be used. Please use WSL2 or the TensorFlow-DirectML plugin.]
[2026-06-10 17:03:59,790: WARNING: saving_api: You are saving your model as an HDF5 file via `model.save()` or `keras.saving.save_model(model)`. This file format is considered legacy. We recommend using instead the native Keras format, e.g. `model.save('my_model.keras')` or `keras.saving.save_model(model, 'my_model.keras')`. ]
[2026-06-10 17:04:00,034: INFO: main: >>>>>> Prepare Base Model completed <<<<<<

x==========x]
[2026-06-10 17:04:00,034: INFO: main: >>>>>> Training started <<<<<<]
[2026-06-10 17:04:00,052: INFO: common: YAML file config\config.yaml loaded successfully]
[2026-06-10 17:04:00,059: INFO: common: YAML file params.yaml loaded successfully]
[2026-06-10 17:04:00,066: INFO: common: created directory at: artifacts]
[2026-06-10 17:04:00,068: INFO: common: created directory at: artifacts\prepare_callbacks\checkpoint_dir]
[2026-06-10 17:04:00,071: INFO: common: created directory at: artifacts\prepare_callbacks\tensorboard_log_dir]
[2026-06-10 17:04:00,073: INFO: common: created directory at: artifacts\training]
[2026-06-10 17:04:00,484: WARNING: saving_utils: Compiled the loaded model, but the compiled metrics have yet to be built. `model.compile_metrics` will be empty until you train or evaluate the model.]
[2026-06-10 17:11:37,681: WARNING: saving_api: You are saving your model as an HDF5 file via `model.save()` or `keras.saving.save_model(model)`. This file format is considered legacy. We recommend using instead the native Keras format, e.g. `model.save('my_model.keras')` or `keras.saving.save_model(model, 'my_model.keras')`. ]
[2026-06-10 17:11:38,114: WARNING: saving_api: You are saving your model as an HDF5 file via `model.save()` or `keras.saving.save_model(model)`. This file format is considered legacy. We recommend using instead the native Keras format, e.g. `model.save('my_model.keras')` or `keras.saving.save_model(model, 'my_model.keras')`. ]
[2026-06-10 17:11:38,869: INFO: main: >>>>>> Training completed <<<<<<

x==========x]
[2026-06-10 17:11:38,869: INFO: main: >>>>>> Evaluation started <<<<<<]
[2026-06-10 17:11:38,898: INFO: common: YAML file config\config.yaml loaded successfully]
[2026-06-10 17:11:38,908: INFO: common: YAML file params.yaml loaded successfully]
[2026-06-10 17:11:38,911: INFO: common: created directory at: artifacts]
[2026-06-10 17:11:39,351: WARNING: saving_utils: Compiled the loaded model, but the compiled metrics have yet to be built. `model.compile_metrics` will be empty until you train or evaluate the model.]
[2026-06-10 17:12:15,189: INFO: common: json file saved at: scores.json]
[2026-06-10 17:12:15,190: INFO: main: >>>>>> Evaluation completed <<<<<<

x==========x]
[2026-06-12 16:54:09,198: INFO: stage_01_data_ingestion: >>>> stage Data Ingestion stage started >>>>>]
[2026-06-12 16:54:09,211: INFO: common: YAML file config\config.yaml loaded successfully]
[2026-06-12 16:54:09,222: INFO: common: YAML file params.yaml loaded successfully]
[2026-06-12 16:54:09,225: INFO: common: created directory at: artifacts]
[2026-06-12 16:54:09,228: INFO: common: created directory at: artifacts/data_ingestion]
[2026-06-12 16:54:09,230: INFO: data_ingestion: File already exists of size: ~ 11345 KB]
[2026-06-12 16:54:10,686: INFO: stage_01_data_ingestion: >>> stage Data Ingestion stage completed >>>>>

 x======x]
[2026-06-12 16:54:53,504: INFO: stage_01_data_ingestion: >>>> stage Data Ingestion stage started >>>>>]
[2026-06-12 16:54:53,510: INFO: common: YAML file config\config.yaml loaded successfully]
[2026-06-12 16:54:53,517: INFO: common: YAML file params.yaml loaded successfully]
[2026-06-12 16:54:53,522: INFO: common: created directory at: artifacts]
[2026-06-12 16:54:53,527: INFO: common: created directory at: artifacts/data_ingestion]
[2026-06-12 16:54:53,530: INFO: data_ingestion: File already exists of size: ~ 11345 KB]
[2026-06-12 16:54:54,977: INFO: stage_01_data_ingestion: >>> stage Data Ingestion stage completed >>>>>

 x======x]
[2026-06-12 16:55:58,798: INFO: stage_02_prepare_base_model: *******************]
[2026-06-12 16:55:58,800: INFO: stage_02_prepare_base_model: >>>>>> stage Prepare base model started <<<<<<]
[2026-06-12 16:55:58,809: INFO: common: YAML file config\config.yaml loaded successfully]
[2026-06-12 16:55:58,817: INFO: common: YAML file params.yaml loaded successfully]
[2026-06-12 16:55:58,822: INFO: common: created directory at: artifacts]
[2026-06-12 16:55:58,826: INFO: common: created directory at: artifacts/prepare_base_model]
[2026-06-12 16:56:00,811: WARNING: saving_api: You are saving your model as an HDF5 file via `model.save()` or `keras.saving.save_model(model)`. This file format is considered legacy. We recommend using instead the native Keras format, e.g. `model.save('my_model.keras')` or `keras.saving.save_model(model, 'my_model.keras')`. ]
[2026-06-12 16:56:02,674: WARNING: config: TensorFlow GPU support is not available on native Windows for TensorFlow >= 2.11. Even if CUDA/cuDNN are installed, GPU will not be used. Please use WSL2 or the TensorFlow-DirectML plugin.]
[2026-06-12 16:56:02,766: WARNING: saving_api: You are saving your model as an HDF5 file via `model.save()` or `keras.saving.save_model(model)`. This file format is considered legacy. We recommend using instead the native Keras format, e.g. `model.save('my_model.keras')` or `keras.saving.save_model(model, 'my_model.keras')`. ]
[2026-06-12 16:56:03,312: INFO: stage_02_prepare_base_model: >>>>>> stage Prepare base model completed <<<<<<

x==========x]
[2026-06-12 16:57:27,504: INFO: stage_02_prepare_base_model: *******************]
[2026-06-12 16:57:27,505: INFO: stage_02_prepare_base_model: >>>>>> stage Prepare base model started <<<<<<]
[2026-06-12 16:57:27,510: INFO: common: YAML file config\config.yaml loaded successfully]
[2026-06-12 16:57:27,514: INFO: common: YAML file params.yaml loaded successfully]
[2026-06-12 16:57:27,516: INFO: common: created directory at: artifacts]
[2026-06-12 16:57:27,519: INFO: common: created directory at: artifacts/prepare_base_model]
[2026-06-12 16:57:28,645: WARNING: saving_api: You are saving your model as an HDF5 file via `model.save()` or `keras.saving.save_model(model)`. This file format is considered legacy. We recommend using instead the native Keras format, e.g. `model.save('my_model.keras')` or `keras.saving.save_model(model, 'my_model.keras')`. ]
[2026-06-12 16:57:29,321: WARNING: config: TensorFlow GPU support is not available on native Windows for TensorFlow >= 2.11. Even if CUDA/cuDNN are installed, GPU will not be used. Please use WSL2 or the TensorFlow-DirectML plugin.]
[2026-06-12 16:57:29,445: WARNING: saving_api: You are saving your model as an HDF5 file via `model.save()` or `keras.saving.save_model(model)`. This file format is considered legacy. We recommend using instead the native Keras format, e.g. `model.save('my_model.keras')` or `keras.saving.save_model(model, 'my_model.keras')`. ]
[2026-06-12 16:57:29,942: INFO: stage_02_prepare_base_model: >>>>>> stage Prepare base model completed <<<<<<

x==========x]
[2026-06-12 16:57:57,715: INFO: stage_03_training: *******************]
[2026-06-12 16:57:57,715: INFO: stage_03_training: >>>>>> stage Training started <<<<<<]
[2026-06-12 16:57:57,720: INFO: common: YAML file config\config.yaml loaded successfully]
[2026-06-12 16:57:57,724: INFO: common: YAML file params.yaml loaded successfully]
[2026-06-12 16:57:57,726: INFO: common: created directory at: artifacts]
[2026-06-12 16:57:57,729: INFO: common: created directory at: artifacts\prepare_callbacks\checkpoint_dir]
[2026-06-12 16:57:57,732: INFO: common: created directory at: artifacts\prepare_callbacks\tensorboard_log_dir]
[2026-06-12 16:57:57,734: INFO: common: created directory at: artifacts\training]
[2026-06-12 16:57:58,651: WARNING: config: TensorFlow GPU support is not available on native Windows for TensorFlow >= 2.11. Even if CUDA/cuDNN are installed, GPU will not be used. Please use WSL2 or the TensorFlow-DirectML plugin.]
[2026-06-12 16:57:58,676: WARNING: saving_utils: Compiled the loaded model, but the compiled metrics have yet to be built. `model.compile_metrics` will be empty until you train or evaluate the model.]
[2026-06-12 17:12:01,901: WARNING: saving_api: You are saving your model as an HDF5 file via `model.save()` or `keras.saving.save_model(model)`. This file format is considered legacy. We recommend using instead the native Keras format, e.g. `model.save('my_model.keras')` or `keras.saving.save_model(model, 'my_model.keras')`. ]
[2026-06-12 17:12:02,759: WARNING: saving_api: You are saving your model as an HDF5 file via `model.save()` or `keras.saving.save_model(model)`. This file format is considered legacy. We recommend using instead the native Keras format, e.g. `model.save('my_model.keras')` or `keras.saving.save_model(model, 'my_model.keras')`. ]
[2026-06-12 17:12:03,287: INFO: stage_03_training: >>>>>> stage Training completed <<<<<<

x==========x]
[2026-06-12 17:12:39,109: INFO: stage_04_evaluation: *******************]
[2026-06-12 17:12:39,110: INFO: stage_04_evaluation: >>>>>> stage Evaluation stage started <<<<<<]
[2026-06-12 17:12:39,116: INFO: common: YAML file config\config.yaml loaded successfully]
[2026-06-12 17:12:39,125: INFO: common: YAML file params.yaml loaded successfully]
[2026-06-12 17:12:39,127: INFO: common: created directory at: artifacts]
[2026-06-12 17:12:40,071: WARNING: config: TensorFlow GPU support is not available on native Windows for TensorFlow >= 2.11. Even if CUDA/cuDNN are installed, GPU will not be used. Please use WSL2 or the TensorFlow-DirectML plugin.]
[2026-06-12 17:12:40,081: WARNING: saving_utils: Compiled the loaded model, but the compiled metrics have yet to be built. `model.compile_metrics` will be empty until you train or evaluate the model.]
[2026-06-12 17:13:25,971: INFO: common: json file saved at: scores.json]
[2026-06-12 17:13:25,974: INFO: stage_04_evaluation: >>>>>> stage Evaluation stage completed <<<<<<

x==========x]
[2026-06-15 17:33:51,395: INFO: _internal: [31m[1mWARNING: This is a development server. Do not use it in a production deployment. Use a production WSGI server instead.[0m
 * Running on all addresses (0.0.0.0)
 * Running on http://127.0.0.1:8080
 * Running on http://192.168.33.21:8080]
[2026-06-15 17:33:51,397: INFO: _internal: [33mPress CTRL+C to quit[0m]
[2026-06-15 17:33:57,456: INFO: _internal: 127.0.0.1 - - [15/Jun/2026 17:33:57] "GET / HTTP/1.1" 200 -]
[2026-06-15 17:33:58,382: INFO: _internal: 127.0.0.1 - - [15/Jun/2026 17:33:58] "[33mGET /favicon.ico HTTP/1.1[0m" 404 -]
[2026-06-15 17:34:04,187: INFO: _internal: 127.0.0.1 - - [15/Jun/2026 17:34:04] "GET / HTTP/1.1" 200 -]
[2026-06-15 17:34:05,008: INFO: _internal: 127.0.0.1 - - [15/Jun/2026 17:34:05] "[33mGET /favicon.ico HTTP/1.1[0m" 404 -]
[2026-06-15 17:34:42,687: WARNING: config: TensorFlow GPU support is not available on native Windows for TensorFlow >= 2.11. Even if CUDA/cuDNN are installed, GPU will not be used. Please use WSL2 or the TensorFlow-DirectML plugin.]
[2026-06-15 17:34:42,706: WARNING: saving_utils: Compiled the loaded model, but the compiled metrics have yet to be built. `model.compile_metrics` will be empty until you train or evaluate the model.]
[2026-06-15 17:34:45,500: INFO: _internal: 127.0.0.1 - - [15/Jun/2026 17:34:45] "POST /predict HTTP/1.1" 200 -]
[2026-06-15 17:35:11,243: INFO: _internal: 127.0.0.1 - - [15/Jun/2026 17:35:11] "GET / HTTP/1.1" 200 -]
[2026-06-16 00:49:46,968: INFO: _internal: [31m[1mWARNING: This is a development server. Do not use it in a production deployment. Use a production WSGI server instead.[0m
 * Running on all addresses (0.0.0.0)
 * Running on http://127.0.0.1:8080
 * Running on http://10.177.29.217:8080]
[2026-06-16 00:49:46,968: INFO: _internal: [33mPress CTRL+C to quit[0m]
[2026-06-16 00:58:18,292: INFO: _internal: 127.0.0.1 - - [16/Jun/2026 00:58:18] "GET / HTTP/1.1" 200 -]
[2026-06-16 00:58:18,601: INFO: _internal: 127.0.0.1 - - [16/Jun/2026 00:58:18] "[33mGET /favicon.ico HTTP/1.1[0m" 404 -]
[2026-06-16 00:58:58,503: WARNING: config: TensorFlow GPU support is not available on native Windows for TensorFlow >= 2.11. Even if CUDA/cuDNN are installed, GPU will not be used. Please use WSL2 or the TensorFlow-DirectML plugin.]
[2026-06-16 00:58:58,518: WARNING: saving_utils: Compiled the loaded model, but the compiled metrics have yet to be built. `model.compile_metrics` will be empty until you train or evaluate the model.]
[2026-06-16 00:59:00,820: INFO: _internal: 127.0.0.1 - - [16/Jun/2026 00:59:00] "POST /predict HTTP/1.1" 200 -]
[2026-06-16 01:05:29,128: INFO: _internal: 127.0.0.1 - - [16/Jun/2026 01:05:29] "GET / HTTP/1.1" 200 -]
[2026-06-16 01:05:31,453: INFO: _internal: 127.0.0.1 - - [16/Jun/2026 01:05:31] "GET / HTTP/1.1" 200 -]
[2026-06-16 01:07:07,835: INFO: _internal: [31m[1mWARNING: This is a development server. Do not use it in a production deployment. Use a production WSGI server instead.[0m
 * Running on all addresses (0.0.0.0)
 * Running on http://127.0.0.1:8080
 * Running on http://10.190.89.217:8080]
[2026-06-16 01:07:07,836: INFO: _internal: [33mPress CTRL+C to quit[0m]
[2026-06-16 01:09:39,674: INFO: _internal: 127.0.0.1 - - [16/Jun/2026 01:09:39] "GET / HTTP/1.1" 200 -]
[2026-06-16 01:09:45,914: INFO: _internal: 127.0.0.1 - - [16/Jun/2026 01:09:45] "GET / HTTP/1.1" 200 -]
[2026-06-16 01:10:02,432: WARNING: config: TensorFlow GPU support is not available on native Windows for TensorFlow >= 2.11. Even if CUDA/cuDNN are installed, GPU will not be used. Please use WSL2 or the TensorFlow-DirectML plugin.]
[2026-06-16 01:10:02,432: WARNING: saving_utils: Compiled the loaded model, but the compiled metrics have yet to be built. `model.compile_metrics` will be empty until you train or evaluate the model.]
[2026-06-16 01:10:04,895: INFO: _internal: 127.0.0.1 - - [16/Jun/2026 01:10:04] "POST /predict HTTP/1.1" 200 -]
[2026-06-16 01:17:00,987: INFO: _internal: 127.0.0.1 - - [16/Jun/2026 01:17:00] "GET / HTTP/1.1" 200 -]
[2026-06-16 01:17:03,185: INFO: _internal: 127.0.0.1 - - [16/Jun/2026 01:17:03] "GET / HTTP/1.1" 200 -]
[2026-06-16 01:17:03,432: INFO: _internal: 127.0.0.1 - - [16/Jun/2026 01:17:03] "GET / HTTP/1.1" 200 -]
[2026-06-16 01:17:04,297: INFO: _internal: 127.0.0.1 - - [16/Jun/2026 01:17:04] "GET / HTTP/1.1" 200 -]
[2026-06-16 01:17:05,400: INFO: _internal: 127.0.0.1 - - [16/Jun/2026 01:17:05] "GET / HTTP/1.1" 200 -]
[2026-06-16 01:17:15,794: INFO: _internal: 127.0.0.1 - - [16/Jun/2026 01:17:15] "GET / HTTP/1.1" 200 -]
[2026-06-16 01:17:25,279: INFO: _internal: 127.0.0.1 - - [16/Jun/2026 01:17:25] "GET / HTTP/1.1" 200 -]
[2026-06-16 01:21:46,898: INFO: _internal: 127.0.0.1 - - [16/Jun/2026 01:21:46] "GET / HTTP/1.1" 200 -]
[2026-06-16 01:21:47,914: INFO: _internal: 127.0.0.1 - - [16/Jun/2026 01:21:47] "GET / HTTP/1.1" 200 -]
[2026-06-16 01:22:29,406: INFO: _internal: [31m[1mWARNING: This is a development server. Do not use it in a production deployment. Use a production WSGI server instead.[0m
 * Running on all addresses (0.0.0.0)
 * Running on http://127.0.0.1:8080
 * Running on http://10.190.89.217:8080]
[2026-06-16 01:22:29,407: INFO: _internal: [33mPress CTRL+C to quit[0m]
[2026-06-16 01:23:27,361: INFO: _internal: 127.0.0.1 - - [16/Jun/2026 01:23:27] "GET / HTTP/1.1" 200 -]
[2026-06-16 01:23:51,559: WARNING: config: TensorFlow GPU support is not available on native Windows for TensorFlow >= 2.11. Even if CUDA/cuDNN are installed, GPU will not be used. Please use WSL2 or the TensorFlow-DirectML plugin.]
[2026-06-16 01:23:51,569: WARNING: saving_utils: Compiled the loaded model, but the compiled metrics have yet to be built. `model.compile_metrics` will be empty until you train or evaluate the model.]
[2026-06-16 01:23:54,944: INFO: _internal: 127.0.0.1 - - [16/Jun/2026 01:23:54] "POST /predict HTTP/1.1" 200 -]
[2026-06-16 01:24:05,771: WARNING: saving_utils: Compiled the loaded model, but the compiled metrics have yet to be built. `model.compile_metrics` will be empty until you train or evaluate the model.]
[2026-06-16 01:24:08,017: INFO: _internal: 127.0.0.1 - - [16/Jun/2026 01:24:08] "POST /predict HTTP/1.1" 200 -]
[2026-06-16 01:45:36,791: INFO: _internal: [31m[1mWARNING: This is a development server. Do not use it in a production deployment. Use a production WSGI server instead.[0m
 * Running on all addresses (0.0.0.0)
 * Running on http://127.0.0.1:8080
 * Running on http://10.190.89.217:8080]
[2026-06-16 01:45:36,796: INFO: _internal: [33mPress CTRL+C to quit[0m]
[2026-06-16 01:45:43,140: INFO: _internal: 127.0.0.1 - - [16/Jun/2026 01:45:43] "GET / HTTP/1.1" 200 -]
[2026-06-16 01:45:50,542: INFO: _internal: 127.0.0.1 - - [16/Jun/2026 01:45:50] "GET / HTTP/1.1" 200 -]
[2026-06-16 01:46:13,219: WARNING: config: TensorFlow GPU support is not available on native Windows for TensorFlow >= 2.11. Even if CUDA/cuDNN are installed, GPU will not be used. Please use WSL2 or the TensorFlow-DirectML plugin.]
[2026-06-16 01:46:13,238: WARNING: saving_utils: Compiled the loaded model, but the compiled metrics have yet to be built. `model.compile_metrics` will be empty until you train or evaluate the model.]
[2026-06-16 01:46:18,657: INFO: _internal: 127.0.0.1 - - [16/Jun/2026 01:46:18] "POST /predict HTTP/1.1" 200 -]
[2026-06-16 01:47:18,601: WARNING: saving_utils: Compiled the loaded model, but the compiled metrics have yet to be built. `model.compile_metrics` will be empty until you train or evaluate the model.]
[2026-06-16 01:47:22,158: INFO: _internal: 127.0.0.1 - - [16/Jun/2026 01:47:22] "POST /predict HTTP/1.1" 200 -]
[2026-06-16 01:49:00,973: INFO: _internal: [31m[1mWARNING: This is a development server. Do not use it in a production deployment. Use a production WSGI server instead.[0m
 * Running on all addresses (0.0.0.0)
 * Running on http://127.0.0.1:8080
 * Running on http://10.190.89.217:8080]
[2026-06-16 01:49:00,975: INFO: _internal: [33mPress CTRL+C to quit[0m]
[2026-06-16 01:49:01,362: INFO: _internal: 127.0.0.1 - - [16/Jun/2026 01:49:01] "GET / HTTP/1.1" 200 -]
[2026-06-16 01:49:16,545: WARNING: config: TensorFlow GPU support is not available on native Windows for TensorFlow >= 2.11. Even if CUDA/cuDNN are installed, GPU will not be used. Please use WSL2 or the TensorFlow-DirectML plugin.]
[2026-06-16 01:49:16,553: WARNING: saving_utils: Compiled the loaded model, but the compiled metrics have yet to be built. `model.compile_metrics` will be empty until you train or evaluate the model.]
[2026-06-16 01:49:19,219: INFO: _internal: 127.0.0.1 - - [16/Jun/2026 01:49:19] "POST /predict HTTP/1.1" 200 -]
[2026-06-16 01:52:48,734: WARNING: saving_utils: Compiled the loaded model, but the compiled metrics have yet to be built. `model.compile_metrics` will be empty until you train or evaluate the model.]
[2026-06-16 01:52:51,068: INFO: _internal: 127.0.0.1 - - [16/Jun/2026 01:52:51] "POST /predict HTTP/1.1" 200 -]
[2026-06-16 01:57:33,785: INFO: _internal: [31m[1mWARNING: This is a development server. Do not use it in a production deployment. Use a production WSGI server instead.[0m
 * Running on all addresses (0.0.0.0)
 * Running on http://127.0.0.1:8080
 * Running on http://10.190.89.217:8080]
[2026-06-16 01:57:33,786: INFO: _internal: [33mPress CTRL+C to quit[0m]
[2026-06-16 01:57:37,112: INFO: _internal: 127.0.0.1 - - [16/Jun/2026 01:57:37] "GET / HTTP/1.1" 200 -]
[2026-06-16 01:57:43,017: WARNING: config: TensorFlow GPU support is not available on native Windows for TensorFlow >= 2.11. Even if CUDA/cuDNN are installed, GPU will not be used. Please use WSL2 or the TensorFlow-DirectML plugin.]
[2026-06-16 01:57:43,027: WARNING: saving_utils: Compiled the loaded model, but the compiled metrics have yet to be built. `model.compile_metrics` will be empty until you train or evaluate the model.]
[2026-06-16 01:57:45,152: INFO: _internal: 127.0.0.1 - - [16/Jun/2026 01:57:45] "POST /predict HTTP/1.1" 200 -]
[2026-06-16 01:58:11,073: WARNING: saving_utils: Compiled the loaded model, but the compiled metrics have yet to be built. `model.compile_metrics` will be empty until you train or evaluate the model.]
[2026-06-16 01:58:12,808: INFO: _internal: 127.0.0.1 - - [16/Jun/2026 01:58:12] "POST /predict HTTP/1.1" 200 -]
[2026-06-16 01:58:27,440: WARNING: saving_utils: Compiled the loaded model, but the compiled metrics have yet to be built. `model.compile_metrics` will be empty until you train or evaluate the model.]
[2026-06-16 01:58:29,315: INFO: _internal: 127.0.0.1 - - [16/Jun/2026 01:58:29] "POST /predict HTTP/1.1" 200 -]
[2026-06-16 01:58:54,612: WARNING: saving_utils: Compiled the loaded model, but the compiled metrics have yet to be built. `model.compile_metrics` will be empty until you train or evaluate the model.]
[2026-06-16 01:58:56,241: INFO: _internal: 127.0.0.1 - - [16/Jun/2026 01:58:56] "POST /predict HTTP/1.1" 200 -]
[2026-06-16 02:01:54,532: WARNING: saving_utils: Compiled the loaded model, but the compiled metrics have yet to be built. `model.compile_metrics` will be empty until you train or evaluate the model.]
[2026-06-16 02:01:56,487: WARNING: polymorphic_function: 5 out of the last 5 calls to <function TensorFlowTrainer.make_predict_function.<locals>.one_step_on_data_distributed at 0x00000237F3BE58A0> triggered tf.function retracing. Tracing is expensive and the excessive number of tracings could be due to (1) creating @tf.function repeatedly in a loop, (2) passing tensors with different shapes, (3) passing Python objects instead of tensors. For (1), please define your @tf.function outside of the loop. For (2), @tf.function has reduce_retracing=True option that can avoid unnecessary retracing. For (3), please refer to https://www.tensorflow.org/guide/function#controlling_retracing and https://www.tensorflow.org/api_docs/python/tf/function for  more details.]
[2026-06-16 02:01:56,552: INFO: _internal: 127.0.0.1 - - [16/Jun/2026 02:01:56] "POST /predict HTTP/1.1" 200 -]
[2026-06-16 02:02:15,708: WARNING: saving_utils: Compiled the loaded model, but the compiled metrics have yet to be built. `model.compile_metrics` will be empty until you train or evaluate the model.]
[2026-06-16 02:02:17,969: WARNING: polymorphic_function: 6 out of the last 6 calls to <function TensorFlowTrainer.make_predict_function.<locals>.one_step_on_data_distributed at 0x00000237F3B391C0> triggered tf.function retracing. Tracing is expensive and the excessive number of tracings could be due to (1) creating @tf.function repeatedly in a loop, (2) passing tensors with different shapes, (3) passing Python objects instead of tensors. For (1), please define your @tf.function outside of the loop. For (2), @tf.function has reduce_retracing=True option that can avoid unnecessary retracing. For (3), please refer to https://www.tensorflow.org/guide/function#controlling_retracing and https://www.tensorflow.org/api_docs/python/tf/function for  more details.]
[2026-06-16 02:02:18,576: INFO: _internal: 127.0.0.1 - - [16/Jun/2026 02:02:18] "POST /predict HTTP/1.1" 200 -]
[2026-06-16 02:03:07,656: INFO: _internal: [31m[1mWARNING: This is a development server. Do not use it in a production deployment. Use a production WSGI server instead.[0m
 * Running on all addresses (0.0.0.0)
 * Running on http://127.0.0.1:8080
 * Running on http://10.190.89.217:8080]
[2026-06-16 02:03:07,657: INFO: _internal: [33mPress CTRL+C to quit[0m]
[2026-06-16 02:03:11,095: INFO: _internal: 127.0.0.1 - - [16/Jun/2026 02:03:11] "GET / HTTP/1.1" 200 -]
[2026-06-16 02:03:22,363: WARNING: config: TensorFlow GPU support is not available on native Windows for TensorFlow >= 2.11. Even if CUDA/cuDNN are installed, GPU will not be used. Please use WSL2 or the TensorFlow-DirectML plugin.]
[2026-06-16 02:03:22,374: WARNING: saving_utils: Compiled the loaded model, but the compiled metrics have yet to be built. `model.compile_metrics` will be empty until you train or evaluate the model.]
[2026-06-16 02:03:23,776: INFO: _internal: 127.0.0.1 - - [16/Jun/2026 02:03:23] "POST /predict HTTP/1.1" 200 -]
[2026-06-16 02:04:06,466: WARNING: saving_utils: Compiled the loaded model, but the compiled metrics have yet to be built. `model.compile_metrics` will be empty until you train or evaluate the model.]
[2026-06-16 02:04:07,745: INFO: _internal: 127.0.0.1 - - [16/Jun/2026 02:04:07] "POST /predict HTTP/1.1" 200 -]
[2026-06-16 02:05:13,365: WARNING: saving_utils: Compiled the loaded model, but the compiled metrics have yet to be built. `model.compile_metrics` will be empty until you train or evaluate the model.]
[2026-06-16 02:05:14,661: INFO: _internal: 127.0.0.1 - - [16/Jun/2026 02:05:14] "POST /predict HTTP/1.1" 200 -]
[2026-06-16 02:05:24,091: WARNING: saving_utils: Compiled the loaded model, but the compiled metrics have yet to be built. `model.compile_metrics` will be empty until you train or evaluate the model.]
[2026-06-16 02:05:26,159: INFO: _internal: 127.0.0.1 - - [16/Jun/2026 02:05:26] "POST /predict HTTP/1.1" 200 -]
[2026-06-16 02:08:28,109: INFO: _internal: [31m[1mWARNING: This is a development server. Do not use it in a production deployment. Use a production WSGI server instead.[0m
 * Running on all addresses (0.0.0.0)
 * Running on http://127.0.0.1:8080
 * Running on http://10.190.89.217:8080]
[2026-06-16 02:08:28,110: INFO: _internal: [33mPress CTRL+C to quit[0m]
[2026-06-16 02:08:39,251: INFO: _internal: 127.0.0.1 - - [16/Jun/2026 02:08:39] "GET / HTTP/1.1" 200 -]
[2026-06-16 02:08:49,276: WARNING: config: TensorFlow GPU support is not available on native Windows for TensorFlow >= 2.11. Even if CUDA/cuDNN are installed, GPU will not be used. Please use WSL2 or the TensorFlow-DirectML plugin.]
[2026-06-16 02:08:49,285: WARNING: saving_utils: Compiled the loaded model, but the compiled metrics have yet to be built. `model.compile_metrics` will be empty until you train or evaluate the model.]
[2026-06-16 02:08:51,533: INFO: _internal: 127.0.0.1 - - [16/Jun/2026 02:08:51] "POST /predict HTTP/1.1" 200 -]
[2026-06-16 02:09:10,492: WARNING: saving_utils: Compiled the loaded model, but the compiled metrics have yet to be built. `model.compile_metrics` will be empty until you train or evaluate the model.]
[2026-06-16 02:09:11,749: INFO: _internal: 127.0.0.1 - - [16/Jun/2026 02:09:11] "POST /predict HTTP/1.1" 200 -]
[2026-06-16 02:09:28,923: WARNING: saving_utils: Compiled the loaded model, but the compiled metrics have yet to be built. `model.compile_metrics` will be empty until you train or evaluate the model.]
[2026-06-16 02:09:30,363: INFO: _internal: 127.0.0.1 - - [16/Jun/2026 02:09:30] "POST /predict HTTP/1.1" 200 -]
[2026-06-16 02:09:39,981: WARNING: saving_utils: Compiled the loaded model, but the compiled metrics have yet to be built. `model.compile_metrics` will be empty until you train or evaluate the model.]
[2026-06-16 02:09:41,388: INFO: _internal: 127.0.0.1 - - [16/Jun/2026 02:09:41] "POST /predict HTTP/1.1" 200 -]
[2026-06-28 00:21:29,393: INFO: main: >>>>>> Data Ingestion Stage started <<<<<<]
[2026-06-28 00:21:29,428: INFO: common: YAML file config\config.yaml loaded successfully]
[2026-06-28 00:21:29,455: INFO: common: YAML file params.yaml loaded successfully]
[2026-06-28 00:21:29,457: INFO: common: created directory at: artifacts]
[2026-06-28 00:21:29,458: INFO: common: created directory at: artifacts/data_ingestion]
[2026-06-28 00:22:12,103: INFO: data_ingestion: artifacts\data_ingestion\data.zip download! with following info: 
content-type: application/zip
accept-ranges: bytes
content-disposition: inline; filename*=UTF-8''brain%2520tumer.zip; filename="brain%20tumer.zip";
etag: "77115598a3a29e951a02e90b5ac881b25d0a4a55cb9991da9c77da52b96205a5"
access-control-allow-headers: Content-Range, Content-Type, Content-Disposition, ETag
access-control-expose-headers: *
content-length: 65857276
vary: origin, access-control-request-method, access-control-request-headers
access-control-allow-origin: *
x-request-id: 01KW56S1PBM73W85D75S4NK683
x-hf-cdn-pop: aws-ap-southeast-1
date: Sat, 27 Jun 2026 18:51:52 GMT
alt-svc: h3=":443";ma=60;
connection: close

]
[2026-06-28 00:22:17,151: INFO: main: >>>>>> Data Ingestion Stage completed <<<<<<

x==========x]
[2026-06-28 00:22:17,151: INFO: main: >>>>>> Prepare Base Model started <<<<<<]
[2026-06-28 00:22:17,159: INFO: common: YAML file config\config.yaml loaded successfully]
[2026-06-28 00:22:17,163: INFO: common: YAML file params.yaml loaded successfully]
[2026-06-28 00:22:17,164: INFO: common: created directory at: artifacts]
[2026-06-28 00:22:17,165: INFO: common: created directory at: artifacts/prepare_base_model]
[2026-06-28 00:22:19,125: WARNING: saving_api: You are saving your model as an HDF5 file via `model.save()` or `keras.saving.save_model(model)`. This file format is considered legacy. We recommend using instead the native Keras format, e.g. `model.save('my_model.keras')` or `keras.saving.save_model(model, 'my_model.keras')`. ]
[2026-06-28 00:22:19,559: WARNING: config: TensorFlow GPU support is not available on native Windows for TensorFlow >= 2.11. Even if CUDA/cuDNN are installed, GPU will not be used. Please use WSL2 or the TensorFlow-DirectML plugin.]
[2026-06-28 00:22:19,785: WARNING: saving_api: You are saving your model as an HDF5 file via `model.save()` or `keras.saving.save_model(model)`. This file format is considered legacy. We recommend using instead the native Keras format, e.g. `model.save('my_model.keras')` or `keras.saving.save_model(model, 'my_model.keras')`. ]
[2026-06-28 00:22:20,079: INFO: main: >>>>>> Prepare Base Model completed <<<<<<

x==========x]
[2026-06-28 00:22:20,080: INFO: main: >>>>>> Training started <<<<<<]
[2026-06-28 00:22:20,083: INFO: common: YAML file config\config.yaml loaded successfully]
[2026-06-28 00:22:20,087: INFO: common: YAML file params.yaml loaded successfully]
[2026-06-28 00:22:20,089: INFO: common: created directory at: artifacts]
[2026-06-28 00:22:20,090: INFO: common: created directory at: artifacts\prepare_callbacks\checkpoint_dir]
[2026-06-28 00:22:20,091: INFO: common: created directory at: artifacts\prepare_callbacks\tensorboard_log_dir]
[2026-06-28 00:22:20,104: INFO: common: created directory at: artifacts\training]
[2026-06-28 00:22:20,546: WARNING: saving_utils: Compiled the loaded model, but the compiled metrics have yet to be built. `model.compile_metrics` will be empty until you train or evaluate the model.]
[2026-06-28 00:22:20,584: ERROR: main: [WinError 3] The system cannot find the path specified: 'artifacts\\data_ingestion\\Chicken-fecal-images']
Traceback (most recent call last):
  File "D:\DLOPS\main.py", line 38, in <module>
    model_trainer.main()
  File "D:\DLOPS\src\cnnClassifier\pipeline\stage_03_training.py", line 24, in main
    training.train_valid_generator()
  File "D:\DLOPS\src\cnnClassifier\components\training.py", line 43, in train_valid_generator
    self.valid_generator = valid_datagenerator.flow_from_directory(
                           ^^^^^^^^^^^^^^^^^^^^^^^^^^^^^^^^^^^^^^^^
  File "D:\DLOPS\.venv\Lib\site-packages\keras\src\legacy\preprocessing\image.py", line 1136, in flow_from_directory
    return DirectoryIterator(
           ^^^^^^^^^^^^^^^^^^
  File "D:\DLOPS\.venv\Lib\site-packages\keras\src\legacy\preprocessing\image.py", line 456, in __init__
    for subdir in sorted(os.listdir(directory)):
                         ^^^^^^^^^^^^^^^^^^^^^
FileNotFoundError: [WinError 3] The system cannot find the path specified: 'artifacts\\data_ingestion\\Chicken-fecal-images'
[2026-06-28 00:26:49,773: INFO: main: >>>>>> Data Ingestion Stage started <<<<<<]
[2026-06-28 00:26:49,780: INFO: common: YAML file config\config.yaml loaded successfully]
[2026-06-28 00:26:49,784: INFO: common: YAML file params.yaml loaded successfully]
[2026-06-28 00:26:49,785: INFO: common: created directory at: artifacts]
[2026-06-28 00:26:49,787: INFO: common: created directory at: artifacts/data_ingestion]
[2026-06-28 00:26:49,788: INFO: data_ingestion: File already exists of size: ~ 64314 KB]
[2026-06-28 00:26:54,740: INFO: main: >>>>>> Data Ingestion Stage completed <<<<<<

x==========x]
[2026-06-28 00:26:54,740: INFO: main: >>>>>> Prepare Base Model started <<<<<<]
[2026-06-28 00:26:54,744: INFO: common: YAML file config\config.yaml loaded successfully]
[2026-06-28 00:26:54,746: INFO: common: YAML file params.yaml loaded successfully]
[2026-06-28 00:26:54,747: INFO: common: created directory at: artifacts]
[2026-06-28 00:26:54,748: INFO: common: created directory at: artifacts/prepare_base_model]
[2026-06-28 00:26:55,484: WARNING: saving_api: You are saving your model as an HDF5 file via `model.save()` or `keras.saving.save_model(model)`. This file format is considered legacy. We recommend using instead the native Keras format, e.g. `model.save('my_model.keras')` or `keras.saving.save_model(model, 'my_model.keras')`. ]
[2026-06-28 00:26:56,055: WARNING: config: TensorFlow GPU support is not available on native Windows for TensorFlow >= 2.11. Even if CUDA/cuDNN are installed, GPU will not be used. Please use WSL2 or the TensorFlow-DirectML plugin.]
[2026-06-28 00:26:56,101: WARNING: saving_api: You are saving your model as an HDF5 file via `model.save()` or `keras.saving.save_model(model)`. This file format is considered legacy. We recommend using instead the native Keras format, e.g. `model.save('my_model.keras')` or `keras.saving.save_model(model, 'my_model.keras')`. ]
[2026-06-28 00:26:56,379: INFO: main: >>>>>> Prepare Base Model completed <<<<<<

x==========x]
[2026-06-28 00:26:56,379: INFO: main: >>>>>> Training started <<<<<<]
[2026-06-28 00:26:56,383: INFO: common: YAML file config\config.yaml loaded successfully]
[2026-06-28 00:26:56,386: INFO: common: YAML file params.yaml loaded successfully]
[2026-06-28 00:26:56,388: INFO: common: created directory at: artifacts]
[2026-06-28 00:26:56,389: INFO: common: created directory at: artifacts\prepare_callbacks\checkpoint_dir]
[2026-06-28 00:26:56,390: INFO: common: created directory at: artifacts\prepare_callbacks\tensorboard_log_dir]
[2026-06-28 00:26:56,406: INFO: common: created directory at: artifacts\training]
[2026-06-28 00:26:56,736: WARNING: saving_utils: Compiled the loaded model, but the compiled metrics have yet to be built. `model.compile_metrics` will be empty until you train or evaluate the model.]
[2026-06-28 00:41:03,363: INFO: main: >>>>>> Data Ingestion Stage started <<<<<<]
[2026-06-28 00:41:03,372: INFO: common: YAML file config\config.yaml loaded successfully]
[2026-06-28 00:41:03,595: INFO: common: YAML file params.yaml loaded successfully]
[2026-06-28 00:41:03,597: INFO: common: created directory at: artifacts]
[2026-06-28 00:41:03,598: INFO: common: created directory at: artifacts/data_ingestion]
[2026-06-28 00:41:19,776: INFO: data_ingestion: artifacts\data_ingestion\data.zip download! with following info: 
content-type: application/zip
accept-ranges: bytes
content-disposition: inline; filename*=UTF-8''brain%2520tumer.zip; filename="brain%20tumer.zip";
etag: "77115598a3a29e951a02e90b5ac881b25d0a4a55cb9991da9c77da52b96205a5"
access-control-allow-headers: Content-Range, Content-Type, Content-Disposition, ETag
access-control-expose-headers: *
content-length: 65857276
vary: origin, access-control-request-method, access-control-request-headers
access-control-allow-origin: *
x-request-id: 01KW57W7RSXH7RG482E54C20PK
x-hf-cdn-pop: aws-ap-southeast-1
date: Sat, 27 Jun 2026 19:11:05 GMT
alt-svc: h3=":443";ma=60;
connection: close

]
[2026-06-28 00:41:26,053: INFO: main: >>>>>> Data Ingestion Stage completed <<<<<<

x==========x]
[2026-06-28 00:41:26,053: INFO: main: >>>>>> Prepare Base Model started <<<<<<]
[2026-06-28 00:41:26,053: INFO: common: YAML file config\config.yaml loaded successfully]
[2026-06-28 00:41:26,069: INFO: common: YAML file params.yaml loaded successfully]
[2026-06-28 00:41:26,070: INFO: common: created directory at: artifacts]
[2026-06-28 00:41:26,071: INFO: common: created directory at: artifacts/prepare_base_model]
[2026-06-28 00:41:27,641: WARNING: saving_api: You are saving your model as an HDF5 file via `model.save()` or `keras.saving.save_model(model)`. This file format is considered legacy. We recommend using instead the native Keras format, e.g. `model.save('my_model.keras')` or `keras.saving.save_model(model, 'my_model.keras')`. ]
[2026-06-28 00:41:28,025: WARNING: config: TensorFlow GPU support is not available on native Windows for TensorFlow >= 2.11. Even if CUDA/cuDNN are installed, GPU will not be used. Please use WSL2 or the TensorFlow-DirectML plugin.]
[2026-06-28 00:41:28,154: WARNING: saving_api: You are saving your model as an HDF5 file via `model.save()` or `keras.saving.save_model(model)`. This file format is considered legacy. We recommend using instead the native Keras format, e.g. `model.save('my_model.keras')` or `keras.saving.save_model(model, 'my_model.keras')`. ]
[2026-06-28 00:41:28,393: INFO: main: >>>>>> Prepare Base Model completed <<<<<<

x==========x]
[2026-06-28 00:41:28,394: INFO: main: >>>>>> Training started <<<<<<]
[2026-06-28 00:41:28,398: INFO: common: YAML file config\config.yaml loaded successfully]
[2026-06-28 00:41:28,402: INFO: common: YAML file params.yaml loaded successfully]
[2026-06-28 00:41:28,404: INFO: common: created directory at: artifacts]
[2026-06-28 00:41:28,405: INFO: common: created directory at: artifacts\prepare_callbacks\checkpoint_dir]
[2026-06-28 00:41:28,410: INFO: common: created directory at: artifacts\prepare_callbacks\tensorboard_log_dir]
[2026-06-28 00:41:28,412: INFO: common: created directory at: artifacts\training]
[2026-06-28 00:41:28,864: WARNING: saving_utils: Compiled the loaded model, but the compiled metrics have yet to be built. `model.compile_metrics` will be empty until you train or evaluate the model.]
[2026-06-28 00:48:28,520: WARNING: saving_api: You are saving your model as an HDF5 file via `model.save()` or `keras.saving.save_model(model)`. This file format is considered legacy. We recommend using instead the native Keras format, e.g. `model.save('my_model.keras')` or `keras.saving.save_model(model, 'my_model.keras')`. ]
[2026-06-28 00:48:30,421: WARNING: saving_api: You are saving your model as an HDF5 file via `model.save()` or `keras.saving.save_model(model)`. This file format is considered legacy. We recommend using instead the native Keras format, e.g. `model.save('my_model.keras')` or `keras.saving.save_model(model, 'my_model.keras')`. ]
[2026-06-28 00:48:30,809: INFO: main: >>>>>> Training completed <<<<<<

x==========x]
[2026-06-28 00:48:30,809: INFO: main: >>>>>> Evaluation started <<<<<<]
[2026-06-28 00:48:30,855: INFO: common: YAML file config\config.yaml loaded successfully]
[2026-06-28 00:48:30,863: INFO: common: YAML file params.yaml loaded successfully]
[2026-06-28 00:48:30,869: INFO: common: created directory at: artifacts]
[2026-06-28 00:48:31,664: WARNING: saving_utils: Compiled the loaded model, but the compiled metrics have yet to be built. `model.compile_metrics` will be empty until you train or evaluate the model.]
[2026-06-28 00:49:20,699: INFO: common: json file saved at: scores.json]
[2026-06-28 00:49:20,733: INFO: main: >>>>>> Evaluation completed <<<<<<

x==========x]
[2026-06-28 00:54:41,169: INFO: _internal: [31m[1mWARNING: This is a development server. Do not use it in a production deployment. Use a production WSGI server instead.[0m
 * Running on all addresses (0.0.0.0)
 * Running on http://127.0.0.1:8080
 * Running on http://10.177.29.217:8080]
[2026-06-28 00:54:41,172: INFO: _internal: [33mPress CTRL+C to quit[0m]
[2026-06-28 00:54:47,032: INFO: _internal: 127.0.0.1 - - [28/Jun/2026 00:54:47] "GET / HTTP/1.1" 200 -]
[2026-06-28 00:54:48,681: INFO: _internal: 127.0.0.1 - - [28/Jun/2026 00:54:48] "[33mGET /favicon.ico HTTP/1.1[0m" 404 -]
[2026-06-28 00:55:06,079: INFO: _internal: 127.0.0.1 - - [28/Jun/2026 00:55:06] "GET / HTTP/1.1" 200 -]
[2026-06-28 00:55:07,465: INFO: _internal: 127.0.0.1 - - [28/Jun/2026 00:55:07] "[33mGET /favicon.ico HTTP/1.1[0m" 404 -]
[2026-06-28 00:55:35,730: WARNING: config: TensorFlow GPU support is not available on native Windows for TensorFlow >= 2.11. Even if CUDA/cuDNN are installed, GPU will not be used. Please use WSL2 or the TensorFlow-DirectML plugin.]
[2026-06-28 00:55:35,757: WARNING: saving_utils: Compiled the loaded model, but the compiled metrics have yet to be built. `model.compile_metrics` will be empty until you train or evaluate the model.]
[2026-06-28 00:55:37,783: INFO: _internal: 127.0.0.1 - - [28/Jun/2026 00:55:37] "POST /predict HTTP/1.1" 200 -]
[2026-06-28 00:55:54,511: WARNING: saving_utils: Compiled the loaded model, but the compiled metrics have yet to be built. `model.compile_metrics` will be empty until you train or evaluate the model.]
[2026-06-28 00:55:55,323: INFO: _internal: 127.0.0.1 - - [28/Jun/2026 00:55:55] "POST /predict HTTP/1.1" 200 -]
[2026-06-28 00:56:14,784: WARNING: saving_utils: Compiled the loaded model, but the compiled metrics have yet to be built. `model.compile_metrics` will be empty until you train or evaluate the model.]
[2026-06-28 00:56:15,336: INFO: _internal: 127.0.0.1 - - [28/Jun/2026 00:56:15] "POST /predict HTTP/1.1" 200 -]
[2026-06-28 00:57:52,430: INFO: _internal: 127.0.0.1 - - [28/Jun/2026 00:57:52] "GET / HTTP/1.1" 200 -]
[2026-06-28 00:58:24,975: INFO: _internal: [31m[1mWARNING: This is a development server. Do not use it in a production deployment. Use a production WSGI server instead.[0m
 * Running on all addresses (0.0.0.0)
 * Running on http://127.0.0.1:8080
 * Running on http://10.177.29.217:8080]
[2026-06-28 00:58:24,976: INFO: _internal: [33mPress CTRL+C to quit[0m]
[2026-06-28 00:58:30,189: INFO: _internal: 127.0.0.1 - - [28/Jun/2026 00:58:30] "GET / HTTP/1.1" 200 -]
[2026-06-28 00:58:40,901: WARNING: config: TensorFlow GPU support is not available on native Windows for TensorFlow >= 2.11. Even if CUDA/cuDNN are installed, GPU will not be used. Please use WSL2 or the TensorFlow-DirectML plugin.]
[2026-06-28 00:58:40,908: WARNING: saving_utils: Compiled the loaded model, but the compiled metrics have yet to be built. `model.compile_metrics` will be empty until you train or evaluate the model.]
[2026-06-28 00:58:42,432: INFO: _internal: 127.0.0.1 - - [28/Jun/2026 00:58:42] "POST /predict HTTP/1.1" 200 -]
[2026-06-28 00:58:56,919: WARNING: saving_utils: Compiled the loaded model, but the compiled metrics have yet to be built. `model.compile_metrics` will be empty until you train or evaluate the model.]
[2026-06-28 00:58:57,404: INFO: _internal: 127.0.0.1 - - [28/Jun/2026 00:58:57] "POST /predict HTTP/1.1" 200 -]
[2026-06-28 00:59:05,467: WARNING: saving_utils: Compiled the loaded model, but the compiled metrics have yet to be built. `model.compile_metrics` will be empty until you train or evaluate the model.]
[2026-06-28 00:59:05,983: INFO: _internal: 127.0.0.1 - - [28/Jun/2026 00:59:05] "POST /predict HTTP/1.1" 200 -]
[2026-06-28 01:00:24,548: WARNING: saving_utils: Compiled the loaded model, but the compiled metrics have yet to be built. `model.compile_metrics` will be empty until you train or evaluate the model.]
[2026-06-28 01:00:26,506: INFO: _internal: 127.0.0.1 - - [28/Jun/2026 01:00:26] "POST /predict HTTP/1.1" 200 -]
